// Vitest Snapshot v1, https://vitest.dev/guide/snapshot.html

exports[`COMPONENT TEST: Column > Should match snapshot 1`] = `
<body>
  <div>
    <div
      class="sc-bdfCkl hPfXtK"
    />
  </div>
</body>
`;
